// Jest Snapshot v1, https://goo.gl/fbAQLP

exports[`GridList component should match snapshot 1`] = `
<p>
  No items to display...
</p>
`;
